Initialized native services in: C:\Users\Admin\.gradle\native
Initialized jansi services in: C:\Users\Admin\.gradle\native
Found daemon DaemonInfo{pid=25056, address=[3cb51e2d-e2ed-4955-9a93-8698e8db9a11 port:49353, addresses:[/127.0.0.1]], state=Idle, lastBusy=1771847637470, context=DefaultDaemonContext[uid=4bc3ae8c-2650-4f2c-9d2e-05e67dcc67bb,javaHome=C:\Users\Admin\.antigravity\extensions\redhat.java-1.52.0-win32-x64\jre\21.0.9-win32-x86_64,daemonRegistryDir=C:\Users\Admin\.gradle\daemon,pid=25056,idleTimeout=10800000,priority=NORMAL,daemonOpts=-XX:MaxMetaspaceSize=512m,-XX:+HeapDumpOnOutOfMemoryError,--add-opens,java.base/java.util=ALL-UNNAMED,--add-opens,java.base/java.lang=ALL-UNNAMED,--add-opens,java.base/java.lang.invoke=ALL-UNNAMED,--add-opens,java.base/java.util=ALL-UNNAMED,--add-opens,java.prefs/java.util.prefs=ALL-UNNAMED,--add-opens,java.prefs/java.util.prefs=ALL-UNNAMED,--add-opens,java.base/java.nio.charset=ALL-UNNAMED,--add-opens,java.base/java.net=ALL-UNNAMED,--add-opens,java.base/java.util.concurrent.atomic=ALL-UNNAMED,-Xmx1024m,-Dfile.encoding=utf-8,-Duser.country=MX,-Duser.language=es,-Duser.variant]} however its context does not match the desired criteria.
Java home is different.
Wanted: DefaultDaemonContext[uid=null,javaHome=C:\Program Files\Java\jdk-17,daemonRegistryDir=C:\Users\Admin\.gradle\daemon,pid=26312,idleTimeout=null,priority=NORMAL,daemonOpts=-XX:MaxMetaspaceSize=512m,-XX:+HeapDumpOnOutOfMemoryError,--add-opens,java.base/java.util=ALL-UNNAMED,--add-opens,java.base/java.lang=ALL-UNNAMED,--add-opens,java.base/java.lang.invoke=ALL-UNNAMED,--add-opens,java.base/java.util=ALL-UNNAMED,--add-opens,java.prefs/java.util.prefs=ALL-UNNAMED,--add-opens,java.prefs/java.util.prefs=ALL-UNNAMED,--add-opens,java.base/java.nio.charset=ALL-UNNAMED,--add-opens,java.base/java.net=ALL-UNNAMED,--add-opens,java.base/java.util.concurrent.atomic=ALL-UNNAMED,-Xmx1024m,-Dfile.encoding=utf-8,-Duser.country=MX,-Duser.language=es,-Duser.variant]
Actual: DefaultDaemonContext[uid=4bc3ae8c-2650-4f2c-9d2e-05e67dcc67bb,javaHome=C:\Users\Admin\.antigravity\extensions\redhat.java-1.52.0-win32-x64\jre\21.0.9-win32-x86_64,daemonRegistryDir=C:\Users\Admin\.gradle\daemon,pid=25056,idleTimeout=10800000,priority=NORMAL,daemonOpts=-XX:MaxMetaspaceSize=512m,-XX:+HeapDumpOnOutOfMemoryError,--add-opens,java.base/java.util=ALL-UNNAMED,--add-opens,java.base/java.lang=ALL-UNNAMED,--add-opens,java.base/java.lang.invoke=ALL-UNNAMED,--add-opens,java.base/java.util=ALL-UNNAMED,--add-opens,java.prefs/java.util.prefs=ALL-UNNAMED,--add-opens,java.prefs/java.util.prefs=ALL-UNNAMED,--add-opens,java.base/java.nio.charset=ALL-UNNAMED,--add-opens,java.base/java.net=ALL-UNNAMED,--add-opens,java.base/java.util.concurrent.atomic=ALL-UNNAMED,-Xmx1024m,-Dfile.encoding=utf-8,-Duser.country=MX,-Duser.language=es,-Duser.variant]

  Looking for a different daemon...
The client will now receive all logging from the daemon (pid: 23592). The daemon log file: C:\Users\Admin\.gradle\daemon\7.4.2\daemon-23592.out.log
Starting 7th build in daemon [uptime: 57 mins 56.366 secs, performance: 100%, non-heap usage: 15% of 512 MiB]
Using 8 worker leases.
Now considering [C:\Users\Admin\Documents\CS2103T-Local\tp\tp] as hierarchies to watch
Watching the file system is configured to be enabled if available
File system watching is active
Starting Build
Settings evaluated using settings file 'C:\Users\Admin\Documents\CS2103T-Local\tp\tp\settings.gradle'.
Projects loaded. Root project using build file 'C:\Users\Admin\Documents\CS2103T-Local\tp\tp\build.gradle'.
Included projects: [root project 'tp']

> Configure project :
Evaluating root project 'tp' using build file 'C:\Users\Admin\Documents\CS2103T-Local\tp\tp\build.gradle'.
All projects evaluated.
Selected primary task 'test' from project :
Tasks to be executed: [task ':compileJava', task ':processResources', task ':classes', task ':compileTestJava', task ':processTestResources', task ':testClasses', task ':test', task ':jacocoTestReport']
Tasks that were excluded: []
:compileJava (Thread[Execution worker for ':',5,main]) started.

> Task :compileJava UP-TO-DATE
Caching disabled for task ':compileJava' because:
  Build cache is disabled
Skipping task ':compileJava' as it is up-to-date.
:compileJava (Thread[Execution worker for ':',5,main]) completed. Took 0.038 secs.
:processResources (Thread[Execution worker for ':',5,main]) started.

> Task :processResources UP-TO-DATE
Caching disabled for task ':processResources' because:
  Build cache is disabled
Skipping task ':processResources' as it is up-to-date.
:processResources (Thread[Execution worker for ':',5,main]) completed. Took 0.006 secs.
:classes (Thread[Execution worker for ':',5,main]) started.

> Task :classes UP-TO-DATE
Skipping task ':classes' as it has no actions.
:classes (Thread[Execution worker for ':',5,main]) completed. Took 0.0 secs.
:compileTestJava (Thread[Execution worker for ':',5,main]) started.

> Task :compileTestJava UP-TO-DATE
Caching disabled for task ':compileTestJava' because:
  Build cache is disabled
Skipping task ':compileTestJava' as it is up-to-date.
:compileTestJava (Thread[Execution worker for ':',5,main]) completed. Took 0.014 secs.
:processTestResources (Thread[Execution worker for ':',5,main]) started.

> Task :processTestResources UP-TO-DATE
Caching disabled for task ':processTestResources' because:
  Build cache is disabled
Skipping task ':processTestResources' as it is up-to-date.
:processTestResources (Thread[Execution worker for ':',5,main]) completed. Took 0.001 secs.
:testClasses (Thread[Execution worker for ':',5,main]) started.

> Task :testClasses UP-TO-DATE
Skipping task ':testClasses' as it has no actions.
:testClasses (Thread[Execution worker for ':',5,main]) completed. Took 0.0 secs.
:test (Thread[Execution worker for ':',5,main]) started.
Gradle Test Executor 4 started executing tests.

> Task :test
Caching disabled for task ':test' because:
  Build cache is disabled
Task ':test' is not up-to-date because:
  Task has failed previously.
Starting process 'Gradle Test Executor 4'. Working directory: C:\Users\Admin\Documents\CS2103T-Local\tp\tp Command: C:\Program Files\Java\jdk-17\bin\java.exe -Dorg.gradle.internal.worker.tmpdir=C:\Users\Admin\Documents\CS2103T-Local\tp\tp\build\tmp\test\work -Dorg.gradle.native=false -javaagent:build/tmp/expandedArchives/org.jacoco.agent-0.8.7.jar_3a83c50b4a016f281c4e9f3500d16b55/jacocoagent.jar=destfile=build/jacoco/test.exec,append=true,inclnolocationclasses=false,dumponexit=true,output=file,jmx=false @C:\Users\Admin\.gradle\.tmp\gradle-worker-classpath11783369386819454672txt -Xmx512m -Dfile.encoding=UTF-8 -Duser.country=MX -Duser.language=es -Duser.variant -ea worker.org.gradle.process.internal.worker.GradleWorkerMain 'Gradle Test Executor 4'
Successfully started process 'Gradle Test Executor 4'

AddressBookParserTest > parseCommand_remark() FAILED
    seedu.address.logic.parser.exceptions.ParseException: Index is not a non-zero unsigned integer.
        at app//seedu.address.logic.parser.ParserUtil.parseIndex(ParserUtil.java:33)
        at app//seedu.address.logic.parser.ViewCommandParser.parse(ViewCommandParser.java:15)
        at app//seedu.address.logic.parser.AddressBookParser.parseCommand(AddressBookParser.java:82)
        at app//seedu.address.logic.parser.AddressBookParserTest.parseCommand_remark(AddressBookParserTest.java:105)

AppParametersTest > parse_invalidConfigPath_success() STANDARD_ERROR
    feb. 23, 2026 8:52:29 P. M. seedu.address.AppParameters parse
    WARNING: Invalid config path a . Using default config path.

ConfigUtilTest > read_valuesMissingFromFile_defaultValuesUsed() STANDARD_ERROR
    feb. 23, 2026 8:52:31 P. M. seedu.address.commons.util.JsonUtil readJsonFile
    INFO: JSON file src\test\data\ConfigUtilTest\EmptyConfig.json found.

ConfigUtilTest > read_fileInOrder_successfullyRead() STANDARD_ERROR
    feb. 23, 2026 8:52:31 P. M. seedu.address.commons.util.JsonUtil readJsonFile
    INFO: JSON file src\test\data\ConfigUtilTest\TypicalConfig.json found.

ConfigUtilTest > saveConfig_allInOrder_success() STANDARD_ERROR
    feb. 23, 2026 8:52:31 P. M. seedu.address.commons.util.JsonUtil readJsonFile
    INFO: JSON file C:\Users\Admin\AppData\Local\Temp\junit11167239437394269894\TempConfig.json found.
    feb. 23, 2026 8:52:31 P. M. seedu.address.commons.util.JsonUtil readJsonFile
    INFO: JSON file C:\Users\Admin\AppData\Local\Temp\junit11167239437394269894\TempConfig.json found.

ConfigUtilTest > read_extraValuesInFile_extraValuesIgnored() STANDARD_ERROR
    feb. 23, 2026 8:52:31 P. M. seedu.address.commons.util.JsonUtil readJsonFile
    INFO: JSON file src\test\data\ConfigUtilTest\ExtraValuesConfig.json found.

ConfigUtilTest > read_notJsonFormat_exceptionThrown() STANDARD_ERROR
    feb. 23, 2026 8:52:31 P. M. seedu.address.commons.util.JsonUtil readJsonFile
    INFO: JSON file src\test\data\ConfigUtilTest\NotJsonFormatConfig.json found.
    feb. 23, 2026 8:52:31 P. M. seedu.address.commons.util.JsonUtil readJsonFile
    WARNING: Error reading from jsonFile file src\test\data\ConfigUtilTest\NotJsonFormatConfig.json: com.fasterxml.jackson.core.JsonParseException: Unrecognized token 'this': was expecting 'null', 'true', 'false' or NaN
     at [Source: this file is not in json format!
    ; line: 1, column: 5]

LogicManagerTest > execute_invalidCommandFormat_throwsParseException() STANDARD_ERROR
    feb. 23, 2026 8:52:32 P. M. seedu.address.logic.LogicManager execute
    INFO: ----------------[USER COMMAND][uicfhmowqewca]

LogicManagerTest > execute_storageThrowsAdException_throwsCommandException() STANDARD_ERROR
    feb. 23, 2026 8:52:32 P. M. seedu.address.logic.LogicManager execute
    INFO: ----------------[USER COMMAND][add n/Amy Bee p/11111111 e/amy@example.com a/Block 312, Amy Street 1]

LogicManagerTest > execute_validCommand_success() STANDARD_ERROR
    feb. 23, 2026 8:52:32 P. M. seedu.address.logic.LogicManager execute
    INFO: ----------------[USER COMMAND][list]

LogicManagerTest > execute_storageThrowsIoException_throwsCommandException() STANDARD_ERROR
    feb. 23, 2026 8:52:32 P. M. seedu.address.logic.LogicManager execute
    INFO: ----------------[USER COMMAND][add n/Amy Bee p/11111111 e/amy@example.com a/Block 312, Amy Street 1]

LogicManagerTest > execute_commandExecutionError_throwsCommandException() STANDARD_ERROR
    feb. 23, 2026 8:52:32 P. M. seedu.address.logic.LogicManager execute
    INFO: ----------------[USER COMMAND][delete 9]

JsonAddressBookStorageTest > readAddressBook_invalidPersonAddressBook_throwDataLoadingException() STANDARD_ERROR
    feb. 23, 2026 8:52:32 P. M. seedu.address.commons.util.JsonUtil readJsonFile
    INFO: JSON file src\test\data\JsonAddressBookStorageTest\invalidPersonAddressBook.json found.
    feb. 23, 2026 8:52:32 P. M. seedu.address.storage.JsonAddressBookStorage readAddressBook
    INFO: Illegal values found in src\test\data\JsonAddressBookStorageTest\invalidPersonAddressBook.json: Names should only contain alphanumeric characters and spaces, and it should not be blank

JsonAddressBookStorageTest > readAddressBook_invalidAndValidPersonAddressBook_throwDataLoadingException() STANDARD_ERROR
    feb. 23, 2026 8:52:32 P. M. seedu.address.commons.util.JsonUtil readJsonFile
    INFO: JSON file src\test\data\JsonAddressBookStorageTest\invalidAndValidPersonAddressBook.json found.
    feb. 23, 2026 8:52:32 P. M. seedu.address.storage.JsonAddressBookStorage readAddressBook
    INFO: Illegal values found in src\test\data\JsonAddressBookStorageTest\invalidAndValidPersonAddressBook.json: Phone numbers should only contain numbers, and it should be at least 3 digits long

JsonAddressBookStorageTest > readAndSaveAddressBook_allInOrder_success() STANDARD_ERROR
    feb. 23, 2026 8:52:32 P. M. seedu.address.commons.util.JsonUtil readJsonFile
    INFO: JSON file C:\Users\Admin\AppData\Local\Temp\junit15790234846940500867\TempAddressBook.json found.
    feb. 23, 2026 8:52:32 P. M. seedu.address.commons.util.JsonUtil readJsonFile
    INFO: JSON file C:\Users\Admin\AppData\Local\Temp\junit15790234846940500867\TempAddressBook.json found.
    feb. 23, 2026 8:52:32 P. M. seedu.address.commons.util.JsonUtil readJsonFile
    INFO: JSON file C:\Users\Admin\AppData\Local\Temp\junit15790234846940500867\TempAddressBook.json found.

JsonAddressBookStorageTest > read_notJsonFormat_exceptionThrown() STANDARD_ERROR
    feb. 23, 2026 8:52:32 P. M. seedu.address.commons.util.JsonUtil readJsonFile
    INFO: JSON file src\test\data\JsonAddressBookStorageTest\notJsonFormatAddressBook.json found.
    feb. 23, 2026 8:52:32 P. M. seedu.address.commons.util.JsonUtil readJsonFile
    WARNING: Error reading from jsonFile file src\test\data\JsonAddressBookStorageTest\notJsonFormatAddressBook.json: com.fasterxml.jackson.core.JsonParseException: Unrecognized token 'not': was expecting 'null', 'true', 'false' or NaN
     at [Source: not json format!
    ; line: 1, column: 4]

JsonSerializableAddressBookTest > toModelType_invalidPersonFile_throwsIllegalValueException() STANDARD_ERROR
    feb. 23, 2026 8:52:32 P. M. seedu.address.commons.util.JsonUtil readJsonFile
    INFO: JSON file src\test\data\JsonSerializableAddressBookTest\invalidPersonAddressBook.json found.

JsonSerializableAddressBookTest > toModelType_typicalPersonsFile_success() STANDARD_ERROR
    feb. 23, 2026 8:52:32 P. M. seedu.address.commons.util.JsonUtil readJsonFile
    INFO: JSON file src\test\data\JsonSerializableAddressBookTest\typicalPersonsAddressBook.json found.

JsonSerializableAddressBookTest > toModelType_duplicatePersons_throwsIllegalValueException() STANDARD_ERROR
    feb. 23, 2026 8:52:32 P. M. seedu.address.commons.util.JsonUtil readJsonFile
    INFO: JSON file src\test\data\JsonSerializableAddressBookTest\duplicatePersonAddressBook.json found.

JsonUserPrefsStorageTest > readUserPrefs_fileInOrder_successfullyRead() STANDARD_ERROR
    feb. 23, 2026 8:52:32 P. M. seedu.address.commons.util.JsonUtil readJsonFile
    INFO: JSON file src\test\data\JsonUserPrefsStorageTest\TypicalUserPref.json found.

JsonUserPrefsStorageTest > readUserPrefs_notJsonFormat_exceptionThrown() STANDARD_ERROR
    feb. 23, 2026 8:52:32 P. M. seedu.address.commons.util.JsonUtil readJsonFile
    INFO: JSON file src\test\data\JsonUserPrefsStorageTest\NotJsonFormatUserPrefs.json found.
    feb. 23, 2026 8:52:32 P. M. seedu.address.commons.util.JsonUtil readJsonFile
    WARNING: Error reading from jsonFile file src\test\data\JsonUserPrefsStorageTest\NotJsonFormatUserPrefs.json: com.fasterxml.jackson.core.JsonParseException: Unrecognized token 'Not': was expecting 'null', 'true', 'false' or NaN
     at [Source: Not a json file!
    ; line: 1, column: 4]

JsonUserPrefsStorageTest > readUserPrefs_valuesMissingFromFile_defaultValuesUsed() STANDARD_ERROR
    feb. 23, 2026 8:52:32 P. M. seedu.address.commons.util.JsonUtil readJsonFile
    INFO: JSON file src\test\data\JsonUserPrefsStorageTest\EmptyUserPrefs.json found.

JsonUserPrefsStorageTest > saveUserPrefs_allInOrder_success() STANDARD_ERROR
    feb. 23, 2026 8:52:32 P. M. seedu.address.commons.util.JsonUtil readJsonFile
    INFO: JSON file C:\Users\Admin\AppData\Local\Temp\junit7648994889121906935\TempPrefs.json found.
    feb. 23, 2026 8:52:32 P. M. seedu.address.commons.util.JsonUtil readJsonFile
    INFO: JSON file C:\Users\Admin\AppData\Local\Temp\junit7648994889121906935\TempPrefs.json found.

JsonUserPrefsStorageTest > readUserPrefs_extraValuesInFile_extraValuesIgnored() STANDARD_ERROR
    feb. 23, 2026 8:52:32 P. M. seedu.address.commons.util.JsonUtil readJsonFile
    INFO: JSON file src\test\data\JsonUserPrefsStorageTest\ExtraValuesUserPref.json found.

StorageManagerTest > addressBookReadSave() STANDARD_ERROR
    feb. 23, 2026 8:52:32 P. M. seedu.address.commons.util.JsonUtil readJsonFile
    INFO: JSON file C:\Users\Admin\AppData\Local\Temp\junit2655879972072825670\ab found.

StorageManagerTest > prefsReadSave() STANDARD_ERROR
    feb. 23, 2026 8:52:32 P. M. seedu.address.commons.util.JsonUtil readJsonFile
    INFO: JSON file C:\Users\Admin\AppData\Local\Temp\junit15874255002671117538\prefs found.

Gradle Test Executor 4 finished executing tests.

> Task :test FAILED
Finished generating test XML results (0.073 secs) into: C:\Users\Admin\Documents\CS2103T-Local\tp\tp\build\test-results\test
Generating HTML test report...
Finished generating test html results (0.099 secs) into: C:\Users\Admin\Documents\CS2103T-Local\tp\tp\build\reports\tests\test
:test (Thread[Execution worker for ':',5,main]) completed. Took 7.133 secs.
:jacocoTestReport (Thread[Execution worker for ':',5,main]) started.

> Task :jacocoTestReport
Caching disabled for task ':jacocoTestReport' because:
  Build cache is disabled
Task ':jacocoTestReport' is not up-to-date because:
  Input property 'executionData' file C:\Users\Admin\Documents\CS2103T-Local\tp\tp\build\jacoco\test.exec has changed.
[ant:jacocoReport] Loading execution data file C:\Users\Admin\Documents\CS2103T-Local\tp\tp\build\jacoco\test.exec
[ant:jacocoReport] Writing bundle 'tp' with 90 classes
:jacocoTestReport (Thread[Execution worker for ':',5,main]) completed. Took 1.826 secs.
6 actionable tasks: 2 executed, 4 up-to-date
Watched directory hierarchies: [C:\Users\Admin\Documents\CS2103T-Local\tp\tp]
